interactions:
- request:
    body: null
    headers:
      Accept-Encoding:
      - gzip, deflate
      Connection:
      - keep-alive
      Content-Length:
      - '0'
      User-Agent:
      - python-requests/2.24.0
      accept:
      - application/json
    method: POST
    uri: http://localhost:8080/API/collection?name=test_collection_1
  response:
    body:
      string: '{"loc":"http://localhost:8080/API/collection/VX-106","id":"VX-106","name":"test_collection_1"}'
    headers:
      Content-Length:
      - '94'
      Content-Type:
      - application/json
      Date:
      - Tue, 27 Oct 2020 13:00:00 GMT
      Set-Cookie:
      - rememberMe=deleteMe; Path=/; Max-Age=0; Expires=Mon, 26-Oct-2020 13:00:00
        GMT
    status:
      code: 200
      message: OK
- request:
    body: '{"timespan": [{"field": [{"name": "title", "value": [{"value": "3acb0330-9c99-4d4d-8d45-2ff936b62163"}]}],
      "start": "-INF", "end": "+INF"}]}'
    headers:
      Accept-Encoding:
      - gzip, deflate
      Connection:
      - keep-alive
      Content-Length:
      - '140'
      User-Agent:
      - python-requests/2.24.0
      accept:
      - application/json
      content-type:
      - application/json
    method: POST
    uri: http://localhost:8080/API/import/placeholder?container=1
  response:
    body:
      string: '{"id":"VX-126"}'
    headers:
      Content-Length:
      - '15'
      Content-Type:
      - application/json
      Date:
      - Tue, 27 Oct 2020 13:00:00 GMT
      Set-Cookie:
      - rememberMe=deleteMe; Path=/; Max-Age=0; Expires=Mon, 26-Oct-2020 13:00:00
        GMT
    status:
      code: 200
      message: OK
- request:
    body: '{"field": [{"name": "title", "value": [{"value": "3acb0330-9c99-4d4d-8d45-2ff936b62163"}]}]}'
    headers:
      Accept-Encoding:
      - gzip, deflate
      Connection:
      - keep-alive
      Content-Length:
      - '92'
      User-Agent:
      - python-requests/2.24.0
      accept:
      - application/json
      content-type:
      - application/json
    method: PUT
    uri: http://localhost:8080/API/search
  response:
    body:
      string: '{"hits":1,"suggestion":[],"autocomplete":[],"entry":[{"item":{"id":"VX-126","start":"-INF","end":"+INF"},"timespan":[{"field":[],"start":"-INF","end":"+INF"}],"start":"-INF","end":"+INF","type":"Item","id":"VX-126"}],"facet":[]}'
    headers:
      Content-Length:
      - '228'
      Content-Type:
      - application/json
      Date:
      - Tue, 27 Oct 2020 13:00:01 GMT
      Set-Cookie:
      - rememberMe=deleteMe; Path=/; Max-Age=0; Expires=Mon, 26-Oct-2020 13:00:01
        GMT
    status:
      code: 200
      message: OK
version: 1
