interactions:
- request:
    body: '{"type": "string"}'
    headers:
      Accept-Encoding:
      - gzip, deflate
      Connection:
      - keep-alive
      Content-Length:
      - '18'
      User-Agent:
      - python-requests/2.24.0
      accept:
      - application/json
      content-type:
      - application/json
    method: PUT
    uri: http://localhost:8080/API/metadata-field/field_one
  response:
    body:
      string: '{"name":"field_one","type":"string","origin":"VX"}'
    headers:
      Content-Length:
      - '50'
      Content-Type:
      - application/json
      Date:
      - Mon, 28 Sep 2020 14:17:19 GMT
      Set-Cookie:
      - rememberMe=deleteMe; Path=/; Max-Age=0; Expires=Sun, 27-Sep-2020 14:17:19
        GMT
    status:
      code: 200
      message: OK
- request:
    body: null
    headers:
      Accept-Encoding:
      - gzip, deflate
      Connection:
      - keep-alive
      Content-Length:
      - '0'
      User-Agent:
      - python-requests/2.24.0
      accept:
      - application/json
    method: DELETE
    uri: http://localhost:8080/API/metadata-field/field_one
  response:
    body:
      string: ''
    headers:
      Content-Length:
      - '0'
      Content-Type:
      - application/json
      Date:
      - Mon, 28 Sep 2020 14:17:19 GMT
      Set-Cookie:
      - rememberMe=deleteMe; Path=/; Max-Age=0; Expires=Sun, 27-Sep-2020 14:17:19
        GMT
    status:
      code: 200
      message: OK
- request:
    body: null
    headers:
      Accept-Encoding:
      - gzip, deflate
      Connection:
      - keep-alive
      User-Agent:
      - python-requests/2.24.0
      accept:
      - application/json
    method: GET
    uri: http://localhost:8080/API/metadata-field/field_one
  response:
    body:
      string: '{"notFound":{"type":"namespace","id":"field_one","context":null},"internalServer":null,"forbidden":null,"notYetImplemented":null,"conflict":null,"invalidInput":null,"licenseFault":null,"fileAlreadyExists":null,"notAuthorized":null}'
    headers:
      Content-Length:
      - '231'
      Content-Type:
      - application/json
      Date:
      - Mon, 28 Sep 2020 14:17:19 GMT
      Set-Cookie:
      - rememberMe=deleteMe; Path=/; Max-Age=0; Expires=Sun, 27-Sep-2020 14:17:19
        GMT
    status:
      code: 404
      message: Not Found
version: 1
